[globalfinessetrade.com/index.html]
[backblue.gif]
[fade.gif]
[index.html]
[cdnjs.cloudflare.com/ajax/libs/font-awesome/4.7.0/css/font-awesome.min.css]
[globalfinessetrade.com/temp/custom/style2.css]
[maxcdn.bootstrapcdn.com/bootstrap/3.3.7/css/bootstrap.min.css]
[cdnjs.cloudflare.com/ajax/libs/owl-carousel/1.3.3/owl.carousel.min.css]
[cdnjs.cloudflare.com/ajax/libs/owl-carousel/1.3.3/owl.theme.min.css]
[code.jquery.com/jquery-1.12.0.min.js]
[maxcdn.bootstrapcdn.com/bootstrap/3.3.6/js/bootstrap.min.js]
[globalfinessetrade.com/https/_maxcdn.bootstrapcdn.com/bootstrap/3.3.7/css/bootstrap-theme.min.css]
[globalfinessetrade.com/temp/custom/style.css]
[globalfinessetrade.com/css/style.html]
[maxcdn.bootstrapcdn.com/font-awesome/4.7.0/css/font-awesome.min.css]
[globalfinessetrade.com/img/fond_57px.html]
[globalfinessetrade.com/img/fond_72px.html]
[globalfinessetrade.com/img/fond_114px.html]
[globalfinessetrade.com/img/fond_144px.html]
[globalfinessetrade.com/storage/app/public/photos/hEK6uJhK86rE4Ed4GgPpXOXyL75KJclDMsKnH67c.png]
[globalfinessetrade.com/temp/custom/css/third-patry.css]
[globalfinessetrade.com/temp/custom/css/app8e96.css]
[globalfinessetrade.com/temp/custom/js/app1bca.js]
[globalfinessetrade.com/temp/custom/app.blinger.io/uploads/widgets2/1625.html]
[globalfinessetrade.com/temp/custom/js/analiticsa549.js]
[globalfinessetrade.com/storage/app/public/photos/XE8e6dOBv3LxXouRNLOzAUlhuiYW0nAb5ufbz2vH.png]
[globalfinessetrade.com/login.html]
[globalfinessetrade.com/contacts.html]
[translate.google.com/translate_a/elementa0d8.js]
[globalfinessetrade.com/cryptocurrencies.html]
[globalfinessetrade.com/forex.html]
[globalfinessetrade.com/shares.html]
[globalfinessetrade.com/indices.html]
[globalfinessetrade.com/trade.html]
[globalfinessetrade.com/copy.html]
[globalfinessetrade.com/automate.html]
[globalfinessetrade.com//about]
[globalfinessetrade.com/why-us.html]
[globalfinessetrade.com/for-traders.html]
[globalfinessetrade.com/regulation.html]
[globalfinessetrade.com/register]
[globalfinessetrade.com/etfs.html]
[globalfinessetrade.com/realfxexperts.com/alert/css/animate.min.css]
[globalfinessetrade.com/realfxexperts.com/alert/css/font-awesome.min.css]
[globalfinessetrade.com/realfxexperts.com/alert/css/fake-notification-min.css]
[globalfinessetrade.com/temp/custom/img/hero-platforms.png]
[globalfinessetrade.com/cdn-cgi/scripts/5c5dd728/cloudflare-static/email-decode.min.js]
[s3.tradingview.com/external-embedding/embed-widget-ticker-tape.js]
[files.coinmarketcap.com/static/widget/coinPriceBlock.js]
[s3.tradingview.com/external-embedding/embed-widget-market-overview.js]
[globalfinessetrade.com/trading-conditions.html]
[globalfinessetrade.com/temp/custom/img/btc.png]
[globalfinessetrade.com/temp/custom/img/eth.png]
[globalfinessetrade.com/temp/custom/img/bch.png]
[globalfinessetrade.com/temp/custom/img/doge.png]
[globalfinessetrade.com/code.ionicframework.com/ionicons/2.0.1/css/ionicons.min.css]
[s3.tradingview.com/external-embedding/embed-widget-forex-heat-map.js]
[globalfinessetrade.com/temp/custom/img/commission-scheme-crypt1t1.png]
[maxcdn.bootstrapcdn.com/font-awesome/4.4.0/css/font-awesome.min.css]
[globalfinessetrade.com/temp/custom/imge2.jpg]
[globalfinessetrade.com/temp/custom/imge1.jpg]
[globalfinessetrade.com/temp/custom/imge3.jpg]
[globalfinessetrade.com/temp/custom/imge4.jpg]
[globalfinessetrade.com/temp/custom/imge5.jpg]
[globalfinessetrade.com/temp/custom/jenny.jpg]
[globalfinessetrade.com/temp/custom/mike.jpg]
[globalfinessetrade.com/temp/custom/kathy.jpg]
[globalfinessetrade.com/temp/custom/zoa.jpg]
[globalfinessetrade.com/temp/custom/regina.jpg]
[globalfinessetrade.com/temp/custom/uss.png]
[globalfinessetrade.com/temp/custom/tersa.jpg]
[globalfinessetrade.com/temp/custom/img/usdt.png]
[globalfinessetrade.com/temp/custom/img/bnb.png]
[globalfinessetrade.com/temp/custom/img/ltc.png]
[globalfinessetrade.com/temp/custom/js/spreads-home.js]
[globalfinessetrade.com/contact.html]
[globalfinessetrade.com/terms.html]
[globalfinessetrade.com/privacy.html]
[globalfinessetrade.com/temp/custom/id-ct.fondex.com/build/js/sso.min62ea.html]
[www.smartsuppchat.com/loaderd41d.js]
[globalfinessetrade.com/“https_/www.smartsupp.com”]
[globalfinessetrade.com/index.html]
[cdnjs.cloudflare.com/ajax/libs/font-awesome/4.7.0/css/font-awesome.min.css]
[globalfinessetrade.com/temp/custom/style2.css]
[maxcdn.bootstrapcdn.com/bootstrap/3.3.7/css/bootstrap.min.css]
[cdnjs.cloudflare.com/ajax/libs/owl-carousel/1.3.3/grabbing.png]
[cdnjs.cloudflare.com/ajax/libs/owl-carousel/1.3.3/owl.carousel.min.css]
[cdnjs.cloudflare.com/ajax/libs/owl-carousel/1.3.3/AjaxLoader.gif]
[cdnjs.cloudflare.com/ajax/libs/owl-carousel/1.3.3/owl.theme.min.css]
[globalfinessetrade.com/https/_maxcdn.bootstrapcdn.com/bootstrap/3.3.7/css/bootstrap-theme.min.html]
[globalfinessetrade.com/temp/custom/style.css]
[globalfinessetrade.com/css/style.html]
[maxcdn.bootstrapcdn.com/font-awesome/4.7.0/css/font-awesome.min.css]
[globalfinessetrade.com/img/fond_57px.html]
[globalfinessetrade.com/img/fond_72px.html]
[globalfinessetrade.com/img/fond_114px.html]
[globalfinessetrade.com/img/fond_144px.html]
[globalfinessetrade.com/temp/custom/css/ajax-loader.gif]
[globalfinessetrade.com/temp/custom/css/fonts/slick.eot]
[globalfinessetrade.com/temp/custom/css/fonts/slickd41d.eot]
[globalfinessetrade.com/temp/custom/css/fonts/slick.woff]
[globalfinessetrade.com/temp/custom/css/fonts/slick.ttf]
[globalfinessetrade.com/temp/custom/css/third-patry.css]
[globalfinessetrade.com/temp/custom/css/fonts/slick.svg]
[globalfinessetrade.com/temp/custom/external98249824.html]
[globalfinessetrade.com/temp/custom/external28c328c3.html]
[globalfinessetrade.com/temp/custom/external41b941b9.html]
[globalfinessetrade.com/temp/custom/css/app8e96.css]
[globalfinessetrade.com/temp/custom/app.blinger.io/uploads/widgets2/1625.html]
[globalfinessetrade.com/temp/css/bootstrap.min.css]
[globalfinessetrade.com/temp/css/materialdesignicons.min.css]
[globalfinessetrade.com/temp/css/line.css]
[www.google.com/recaptcha/api.js]
[globalfinessetrade.com/temp/css/style.css]
[globalfinessetrade.com/temp/css/colors/default.css]
[globalfinessetrade.com/forgot-password.html]
[globalfinessetrade.com/temp/js/jquery-3.5.1.min.js]
[globalfinessetrade.com/temp/js/bootstrap.bundle.min.js]
[globalfinessetrade.com/temp/js/owl.carousel.min.js]
[globalfinessetrade.com/temp/js/owl.init.js]
[globalfinessetrade.com/temp/js/feather.min.js]
[globalfinessetrade.com/temp/js/bundle.js]
[globalfinessetrade.com/temp/js/app.js]
[globalfinessetrade.com/login.html]
[globalfinessetrade.com/temp/js/widget.js]
[globalfinessetrade.com/www.google.com/recaptcha/apib3d3.html]
[globalfinessetrade.com/contacts.html]
[globalfinessetrade.com/cryptocurrencies.html]
[globalfinessetrade.com/forex.html]
[globalfinessetrade.com/shares.html]
[globalfinessetrade.com/indices.html]
[globalfinessetrade.com/temp/custom/img/commission-scheme-crypt1t.png]
[globalfinessetrade.com/trade.html]
[globalfinessetrade.com/copy.html]
[globalfinessetrade.com/external1ce51ce5.html]
[globalfinessetrade.com/automate.html]
[globalfinessetrade.com/temp/custom/img/users.png]
[globalfinessetrade.com/temp/custom/img/website.png]
[globalfinessetrade.com/temp/custom/img/speed.png]
[globalfinessetrade.com/temp/custom/img/1497835.png]
[globalfinessetrade.com/temp/custom/img/commission-scheme-crypt1d.png]
[globalfinessetrade.com//about]
[globalfinessetrade.com/why-us.html]
[globalfinessetrade.com/for-traders.html]
[globalfinessetrade.com/regulation.html]
[globalfinessetrade.com/register.html]
[globalfinessetrade.com/etfs.html]
[globalfinessetrade.com/cdn-cgi/l/email-protection.html]
[globalfinessetrade.com/realfxexperts.com/alert/css/animate.min.html]
[globalfinessetrade.com/realfxexperts.com/alert/css/font-awesome.min.html]
[globalfinessetrade.com/realfxexperts.com/alert/css/fake-notification-min.html]
[globalfinessetrade.com/trading-conditions.html]
[globalfinessetrade.com/code.ionicframework.com/ionicons/2.0.1/css/ionicons.min.html]
[maxcdn.bootstrapcdn.com/font-awesome/4.4.0/css/font-awesome.min.css]
[globalfinessetrade.com/contact.html]
[globalfinessetrade.com/terms.html]
[globalfinessetrade.com/privacy.html]
[globalfinessetrade.com/temp/custom/id-ct.fondex.com/build/js/sso.min62ea.html]
[globalfinessetrade.com/“https_/www.smartsupp.html]
[globalfinessetrade.com/temp/custom/external452e452e.html]
[globalfinessetrade.com/temp/custom/css/fonts/slick.svg]
[globalfinessetrade.com/temp/custom/external98249824.html]
[globalfinessetrade.com/temp/custom/external28c328c3.html]
[globalfinessetrade.com/temp/custom/external41b941b9.html]
[globalfinessetrade.com/temp/css/bootstrap.min.css]
[globalfinessetrade.com/temp/fonts/materialdesignicons-webfonte910e910.eot]
[globalfinessetrade.com/temp/fonts/materialdesignicons-webfonte910e910.html]
[globalfinessetrade.com/temp/fonts/materialdesignicons-webfonte910e910.woff]
[globalfinessetrade.com/temp/fonts/materialdesignicons-webfontd41dd41d.eot]
[globalfinessetrade.com/temp/fonts/materialdesignicons-webfonte910-2.76e910.delayed]
[globalfinessetrade.com/temp/css/materialdesignicons.min.css]
[globalfinessetrade.com/temp/css/line.css]
[globalfinessetrade.com/temp/images/task/bg.png]
[globalfinessetrade.com/temp/images/process.png]
[globalfinessetrade.com/temp/css/style.css]
[globalfinessetrade.com/temp/css/colors/default.css]
[globalfinessetrade.com/forgot-password.html]
[globalfinessetrade.com/temp/js/bundle.html]
[globalfinessetrade.com/www.google.com/recaptcha/apib3d3.html]
[globalfinessetrade.com/external1ce51ce5.html]
[globalfinessetrade.com/temp/custom/external452e452e.html]
[globalfinessetrade.com/temp/fonts/materialdesignicons-webfonte910e910.html]
[globalfinessetrade.com/temp/fonts/materialdesignicons-webfonte910-2e910.html]
[globalfinessetrade.com/temp/images/task/bg.html]
[globalfinessetrade.com/temp/images/process.html]
